C51 COMPILER V9.56.0.0   MAIN                                                              01/20/2022 21:15:26 PAGE 1   


C51 COMPILER V9.56.0.0, COMPILATION OF MODULE MAIN
OBJECT MODULE PLACED IN .\Objects\main.obj
COMPILER INVOKED BY: D:\Keil_v5\C51\BIN\C51.EXE main.c OPTIMIZE(8,SPEED) BROWSE DEBUG OBJECTEXTEND PRINT(.\Listings\main
                    -.lst) TABS(2) OBJECT(.\Objects\main.obj)

line level    source

   1          #include "STC15F2K60S2.H"
   2          #include "PCF8591.H"
   3          #include "AT24C02.H"
   4          #include "my.h"
   5          
   6          sbit S4 = P3^3;
   7          sbit S5 = P3^2;
   8          sbit S6 = P3^1;
   9          sbit S7 = P3^0;
  10          
  11          code unsigned char duan[]={0xc0, 0xf9, 0xa4, 0xb0, 0x99, 0x92, 0x82, 0xf8, 0x80, 0x90, 0x88, 0x83, 0xc6, 0
             -xa1, 0x86, 0x8e};
  12          unsigned char Rb2_Vol = 0;
  13          unsigned char Pwm_Duty = 25;
  14          unsigned char LED_Level = 1;
  15          unsigned char Count_100us = 0;
  16          unsigned char Count_10ms = 0;
  17          unsigned char Count_100ms = 0;
  18          unsigned char Dcount_100ms = 0;
  19          unsigned char Dtime_100ms = 4;
  20          unsigned char Dis_Mod = 0;
  21          unsigned char Dis_Flag = 0;
  22          unsigned char LED_Mod = 1;
  23          unsigned char LED_Num = 0;
  24          unsigned char LED_Flag = 0;
  25          unsigned char LED_Temp = 0;
  26          bit FFlag = 1;
  27          
  28          void Init_Timer(void)
  29          {
  30   1        TMOD = 0x11;
  31   1        AUXR = 0x00;
  32   1        TH0 = (65536 - 100) / 256;
  33   1        TL0 = (65536 - 100) % 256;
  34   1        TH1 = (65536 - 10000) / 256;
  35   1        TL1 = (65536 - 10000) % 256;
  36   1        TR0 = 0;
  37   1        TR1 = 0;
  38   1        EA = 1;
  39   1        ET0 = 1;
  40   1        ET1 = 1;
  41   1      }
  42          
  43          void Light_Contral(void)
  44          {
  45   1        Rb2_Vol = AD_PCF8591(0x03);
  46   1        if(Rb2_Vol >= 0 && Rb2_Vol < 64)
  47   1        {
  48   2          LED_Level = 1;
  49   2          Pwm_Duty = 25;
  50   2        }
  51   1        else if(Rb2_Vol >= 64 && Rb2_Vol < 128)
  52   1        {
  53   2          LED_Level = 2;
C51 COMPILER V9.56.0.0   MAIN                                                              01/20/2022 21:15:26 PAGE 2   

  54   2          Pwm_Duty = 50;
  55   2        }
  56   1        else if(Rb2_Vol >= 128 && Rb2_Vol < 191)
  57   1        {
  58   2          LED_Level = 3;
  59   2          Pwm_Duty = 75;
  60   2        }
  61   1        else if(Rb2_Vol >= 191 && Rb2_Vol <= 255)
  62   1        {
  63   2          LED_Level = 4;
  64   2          Pwm_Duty = 100;
  65   2        }
  66   1      }
  67          
  68          void LED_Work(void)
  69          {
  70   1        unsigned char num_temp = LED_Num;
  71   1        InputP0(4,LED_Temp);
  72   1        if(LED_Mod == 1 && LED_Flag)
  73   1        {
  74   2          InputP0(4,~(0x01<<LED_Num));
  75   2        }
  76   1        else if(LED_Mod == 2 && LED_Flag)
  77   1        {
  78   2          InputP0(4,~(0x80>>LED_Num));
  79   2        }
  80   1        else if(LED_Mod == 3 && LED_Flag)
  81   1        {
  82   2          num_temp = num_temp % 4;
  83   2          InputP0(4,(~(0x01<<num_temp)) & (~(0x80>>num_temp)));
  84   2        }
  85   1        else if(LED_Mod == 4 && LED_Flag)
  86   1        {
  87   2          num_temp = num_temp % 4;
  88   2          InputP0(4,(~(0x10<<num_temp)) & (~(0x08>>num_temp)));
  89   2        }
  90   1        else if(LED_Flag == 0)
  91   1        {
  92   2          InputP0(4,0xFF);
  93   2        }
  94   1        LED_Temp = P0;
  95   1      }
  96          
  97          void Display(void)
  98          {
  99   1        unsigned char i;
 100   1        if(Dis_Mod == 1)
 101   1        {
 102   2          for(i = 0; i < 8; i++)
 103   2          {
 104   3            InputP0(6,0x01<<i);
 105   3            switch(i)
 106   3            {
 107   4              case 0:InputP0(7,0xBF);break;
 108   4              case 1:if(Dis_Flag) InputP0(7,duan[LED_Mod]);break;
 109   4              case 2:InputP0(7,0xBF);break;
 110   4              case 3:InputP0(7,0xFF);break;
 111   4              case 4:if(Dtime_100ms >= 10) InputP0(7,duan[1]);break;
 112   4              case 5:InputP0(7,duan[Dtime_100ms%10]);break;
 113   4              case 6:InputP0(7,duan[0]);break;
 114   4              case 7:InputP0(7,duan[0]);break;
 115   4            }
C51 COMPILER V9.56.0.0   MAIN                                                              01/20/2022 21:15:26 PAGE 3   

 116   3            Delay(8);
 117   3            InputP0(7,0xFF);
 118   3            LED_Work();
 119   3          }
 120   2        }
 121   1        else if(Dis_Mod == 2)
 122   1        {
 123   2          for(i = 0; i < 8; i++)
 124   2          {
 125   3            InputP0(6,0x01<<i);
 126   3            switch(i)
 127   3            {
 128   4              case 0:InputP0(7,0xBF);break;
 129   4              case 1:InputP0(7,duan[LED_Mod]);break;
 130   4              case 2:InputP0(7,0xBF);break;
 131   4              case 3:InputP0(7,0xFF);break;
 132   4              case 4:if(Dtime_100ms >= 10 && Dis_Flag) InputP0(7,duan[1]);break;
 133   4              case 5:if(Dis_Flag) InputP0(7,duan[Dtime_100ms%10]);break;
 134   4              case 6:if(Dis_Flag) InputP0(7,duan[0]);break;
 135   4              case 7:if(Dis_Flag) InputP0(7,duan[0]);break;
 136   4            }
 137   3            Delay(8);
 138   3            InputP0(7,0xFF);
 139   3            LED_Work();
 140   3          }
 141   2        }
 142   1      }
 143          
 144          void Display_Level(void)
 145          {
 146   1        InputP0(6,0x40);
 147   1        InputP0(7,0xBF);
 148   1        Delay(8);
 149   1        InputP0(7,0xFF);
 150   1        InputP0(6,0x80);
 151   1        InputP0(7,duan[LED_Level]);
 152   1        Delay(8);
 153   1        InputP0(7,0xFF);
 154   1      }
 155          
 156          void Key_Scanf(void)
 157          {
 158   1        if(S4 == 0)
 159   1        { 
 160   2          Delay(10);
 161   2          if(S4 == 0)
 162   2          {
 163   3            if(Dis_Mod == 3 || Dis_Mod == 0)
 164   3            {
 165   4              while(S4 == 0)
 166   4              {
 167   5                Light_Contral();
 168   5                LED_Work();
 169   5                Display_Level();
 170   5              }
 171   4            }
 172   3            else if(Dis_Mod == 1)
 173   3            {
 174   4              if(LED_Mod >= 2)
 175   4                LED_Mod = LED_Mod - 1;
 176   4              while(S4 == 0)
 177   4                Display();
C51 COMPILER V9.56.0.0   MAIN                                                              01/20/2022 21:15:26 PAGE 4   

 178   4            }
 179   3            else if(Dis_Mod == 2)
 180   3            {
 181   4              if(Dtime_100ms >= 5)
 182   4                Dtime_100ms = Dtime_100ms - 1;
 183   4              while(S4 == 0)
 184   4                Display();
 185   4            }
 186   3          }
 187   2        }
 188   1        if(S5 == 0 && Dis_Mod != 0)
 189   1        {
 190   2          Delay(10);
 191   2          if(S5 == 0)
 192   2          {
 193   3            if(Dis_Mod == 1)
 194   3            {
 195   4              if(LED_Mod <= 3)
 196   4                LED_Mod = LED_Mod + 1;
 197   4              while(S5 == 0)
 198   4                Display();
 199   4            }
 200   3            if(Dis_Mod == 2)
 201   3            {
 202   4              if(Dtime_100ms <= 11)
 203   4                Dtime_100ms = Dtime_100ms + 1;
 204   4              while(S5 == 0)
 205   4                Display();
 206   4            }
 207   3          }
 208   2        }
 209   1        if(S6 == 0)
 210   1        {
 211   2          Delay(10);
 212   2          if(S6 == 0)
 213   2          {
 214   3            if(Dis_Mod == 2)
 215   3            {
 216   4              Write_Byte_24C02(0x00,LED_Mod);
 217   4              Delay(20);
 218   4              Write_Byte_24C02(0x01,Dtime_100ms);
 219   4            }
 220   3            Dis_Mod = (Dis_Mod + 1) % 3;
 221   3            while(S6 == 0)
 222   3              Display();
 223   3          }
 224   2        }
 225   1        if(S7 == 0)
 226   1        {
 227   2          Delay(10);
 228   2          if(S7 == 0)
 229   2          {
 230   3            FFlag = ~FFlag;
 231   3            while(S7 == 0)
 232   3              Display();
 233   3          }
 234   2        }
 235   1      }
 236          
 237          void main(void)
 238          {
 239   1        InputP0(5,0x00);
C51 COMPILER V9.56.0.0   MAIN                                                              01/20/2022 21:15:26 PAGE 5   

 240   1        InputP0(4,0xFF);
 241   1        Init_Timer();
 242   1        LED_Mod = Read_Byte_24C02(0x00);
 243   1        Dtime_100ms = Read_Byte_24C02(0x01);
 244   1        TR0 = 1;
 245   1        TR1 = 1;
 246   1        while(1)
 247   1        {
 248   2          Light_Contral();
 249   2          LED_Work();
 250   2          Display();
 251   2          Key_Scanf();
 252   2        }
 253   1      }
 254          
 255          void T0_ser(void) interrupt 1
 256          {
 257   1        TH0 = (65536 - 100) / 256;
 258   1        TL0 = (65536 - 100) % 256;
 259   1        Count_100us = Count_100us + 1;
 260   1        if(Count_100us >= 0 && Count_100us < Pwm_Duty)
 261   1          LED_Flag = 1;
 262   1        else if(Count_100us >= Pwm_Duty && Count_100us < 100)
 263   1          LED_Flag = 0;
 264   1        else if(Count_100us == 100)
 265   1          Count_100us = 0;
 266   1      }
 267          
 268          void T1_ser(void) interrupt 3
 269          {
 270   1        TH1 = (65536 - 10000) / 256;
 271   1        TL1 = (65536 - 10000) % 256;
 272   1        Count_10ms = Count_10ms + 1;
 273   1        if(Count_10ms == 10)
 274   1        {
 275   2          Dcount_100ms = Dcount_100ms + 1;
 276   2          if(Dcount_100ms == Dtime_100ms)
 277   2          {
 278   3            if(FFlag)
 279   3              LED_Num = (LED_Num + 1) % 8;
 280   3            Dcount_100ms = 0;
 281   3          }
 282   2          Count_100ms = Count_100ms + 1;
 283   2          if(Count_100ms == 8)
 284   2          {
 285   3            Dis_Flag = ~Dis_Flag;
 286   3            Count_100ms = 0;
 287   3          }
 288   2          Count_10ms = 0;
 289   2        }
 290   1      }


MODULE INFORMATION:   STATIC OVERLAYABLE
   CODE SIZE        =   1058    ----
   CONSTANT SIZE    =     16    ----
   XDATA SIZE       =   ----    ----
   PDATA SIZE       =   ----    ----
   DATA SIZE        =     14       2
   IDATA SIZE       =   ----    ----
   BIT SIZE         =      1    ----
END OF MODULE INFORMATION.

C51 COMPILER V9.56.0.0   MAIN                                                              01/20/2022 21:15:26 PAGE 6   


C51 COMPILATION COMPLETE.  0 WARNING(S),  0 ERROR(S)
